@score	53.776119	54.127271
@probability	0.703877
SRC:0.769963
SNT:0.995730
TRG:0.979675
TRG:0.979675
TRG:0.998479
TRG:0.996826
TRG:0.999557
TRG:0.999551
TRG:0.997200
O:0.960166

@score	53.776119	54.127271
@probability	0.703877
SRC:0.769963
SNT:0.995730
TRG:0.979675
TRG:0.979675
TRG:0.998479
TRG:0.996826
TRG:0.999557
TRG:0.999551
TRG:0.997200
O:0.960166

