@score	3.663674	14.829085
@probability	0.000014
SRC:0.304788
SNT:0.369503
TRG:0.274155
TRG:0.274155
TRG:0.305016
TRG:0.281100
TRG:0.322717
TRG:0.312482
TRG:0.305641
O:0.325210

@score	3.663674	14.829085
@probability	0.000014
SRC:0.304788
SNT:0.369503
TRG:0.274155
TRG:0.274155
TRG:0.305016
TRG:0.281100
TRG:0.322717
TRG:0.312482
TRG:0.305641
O:0.325210

