@score	13.493622	17.392479
@probability	0.020265
TRG:0.463617
TRG:0.728114
TRG:0.650247
TRG:0.650247
TRG:0.885132
TRG:0.767406
TRG:0.728303
TRG:0.665251
TRG:0.387576
TRG:0.463617

@score	13.493622	17.392479
@probability	0.020265
TRG:0.463617
TRG:0.728114
TRG:0.650247
TRG:0.650247
TRG:0.885132
TRG:0.767406
TRG:0.728303
TRG:0.665251
TRG:0.387576
TRG:0.463617

