@score	12.239917	18.123168
@probability	0.002786
SRC:0.569788
SNT:0.667296
TRG:0.405258
TRG:0.405258
TRG:0.487206
TRG:0.473193
TRG:0.533633
TRG:0.532855
TRG:0.478390
O:0.472759

@score	12.239917	18.123168
@probability	0.002786
SRC:0.569788
SNT:0.667296
TRG:0.405258
TRG:0.405258
TRG:0.487206
TRG:0.473193
TRG:0.533633
TRG:0.532855
TRG:0.478390
O:0.472759

