@score	17.282049	20.842579
@probability	0.028424
SRC:0.459653
SNT:0.481685
TRG:0.662137
TRG:0.662137
TRG:0.839453
TRG:0.788607
TRG:0.827858
TRG:0.814226
TRG:0.707768
O:0.459653

@score	17.282049	20.842579
@probability	0.028424
SRC:0.459653
SNT:0.481685
TRG:0.662137
TRG:0.662137
TRG:0.839453
TRG:0.788607
TRG:0.827858
TRG:0.814226
TRG:0.707768
O:0.459653

